// Jest Snapshot v1, https://goo.gl/fbAQLP

exports[`matches snapshot 1`] = `
<DocumentFragment>
  <div
    class="BoxList-box"
  >
    <div
      style="height: 200px; width: 200px; background-color: blue;"
    />
    <button>
      X
    </button>
  </div>
</DocumentFragment>
`;
